[backblue.gif]
[fade.gif]
[index.html]
[www.theglim.co.kr/resource/front/images/favico/og-logo.png]
[www.theglim.co.kr/resource/front/images/favico/favicon.png]
[theglim.co.kr/resource/front/js/jquery/jquery-3.2.1.js]
[theglim.co.kr/resource/front/js/jquery/jquery-ui.js]
[theglim.co.kr/resource/front/js/jquery/jquery.easeScroll.js]
[theglim.co.kr/resource/front/js/motion/jquery.waypoints.js]
[theglim.co.kr/resource/front/js/skrollr/skrollr.js]
[cdnjs.cloudflare.com/ajax/libs/gsap/2.0.1/TweenMax.min.js]
[theglim.co.kr/resource/front/js/swiper-4.3.5/js/swiper.js]
[cdn.jsdelivr.net/gh/hiun/NanumSquare@master/nanumsquare.css]
[theglim.co.kr/Scripts/common87ca.js]
[theglim.co.kr/Scripts/plugins/loading/iosOverlay.js]
[theglim.co.kr/Scripts/plugins/loading/spin.min.js]
[theglim.co.kr/resource/front/js/com.ui.helper87ca.js]
[theglim.co.kr/resource/front/js/com.ui87ca.js]
[theglim.co.kr/resource/front/js/animation87ca.js]
[theglim.co.kr/resource/front/js/pager.responsive87ca.js]
[theglim.co.kr/resource/front/js/swiper.responsive87ca.js]
[developers.kakao.com/sdk/js/kakao.min.js]
[connect.facebook.net/en_US/all.js]
[theglim.co.kr/thumbnail188d.jpg]
[theglim.co.kr/%ed%92%88%ea%b3%a0_01_thumbnail_0338fe.jpg]
[theglim.co.kr/thumbnail25d3.jpg]
[theglim.co.kr/thumbnail_021a89.jpg]
[theglim.co.kr/EQL_store_01_thumbnailb1f5.jpg]
[theglim.co.kr/shinhan_chatbot_moli_01_thumbnailbb98.jpg]
[theglim.co.kr/samsungSDS_chatbot_01_thumbnail6e19.jpg]
[theglim.co.kr/006b06.jpg]
[theglim.co.kr/00e266.jpg]
[theglim.co.kr/Namyang_community_01_thumbnail_055634.jpg]
[theglim.co.kr/Namyang_community_01_thumbnail6dfe.jpg]
[theglim.co.kr/Shinhan_chatbot_01_thumbnail8696.jpg]
[theglim.co.kr/RailPlus_01_thumbnailfc0d.jpg]
[theglim.co.kr/kyoboeBook_01_thumbnailc6eb.jpg]
[theglim.co.kr/kt_blice_01_thumbnail31c1.jpg]
[theglim.co.kr/Cj_hello_01_thumbnail3702.jpg]
[theglim.co.kr/nepa_01_thumbnailc53f.jpg]
[theglim.co.kr/koreanair_skyshop_01_thumbnaildd58.jpg]
[theglim.co.kr/%ec%97%90%ec%8a%a4%ec%9b%90%eb%a3%a9%ec%95%a4%ed%95%84_01_thumbnailc542.jpg]
[theglim.co.kr/E-proposal_01_thumbnaild057.jpg]
[theglim.co.kr/wooribank_01_thumbnail4f57.jpg]
[theglim.co.kr/skt_t_lens_01_thumbnail48ba.jpg]
[theglim.co.kr/hanwhacolud_01_thumbnailbe1c.jpg]
[theglim.co.kr/%ec%97%90%ec%8a%a4%ec%9b%90%eb%aa%a8%eb%b0%94%ec%9d%bc%ec%b9%b4%eb%93%9c_01_thumbnail9315.jpg]
[theglim.co.kr/olleh_01_thumbnail6529.jpg]
[theglim.co.kr/hyundaigreenfood_01_thumbnailea79.jpg]
[theglim.co.kr/DMZ_01_thumbnailf70c.jpg]
[theglim.co.kr/Glim_%ed%9a%8c%ec%82%ac%ec%86%8c%ea%b0%9c%ec%84%9c_200529-1.pdf]
[theglim.co.kr/index.html]
[theglim.co.kr/resource/front/css/jquery/jquery-ui.min.css]
[theglim.co.kr/resource/front/js/swiper-4.3.5/css/swiper.min.css]
[theglim.co.kr/Scripts/plugins/loading/iosOverlay.css]
[cdn.jsdelivr.net/gh/hiun/NanumSquare@master/NanumSquareR.woff2]
[cdn.jsdelivr.net/gh/hiun/NanumSquare@master/NanumSquareR.eot]
[cdn.jsdelivr.net/gh/hiun/NanumSquare@master/NanumSquareR.woff]
[cdn.jsdelivr.net/gh/hiun/NanumSquare@master/NanumSquareRd41d.eot]
[cdn.jsdelivr.net/gh/hiun/NanumSquare@master/NanumSquareB.eot]
[cdn.jsdelivr.net/gh/hiun/NanumSquare@master/NanumSquareB.woff2]
[cdn.jsdelivr.net/gh/hiun/NanumSquare@master/NanumSquareR.ttf]
[cdn.jsdelivr.net/gh/hiun/NanumSquare@master/NanumSquareB.woff]
[cdn.jsdelivr.net/gh/hiun/NanumSquare@master/NanumSquareBd41d.eot]
[cdn.jsdelivr.net/gh/hiun/NanumSquare@master/nanumsquare.css]
[theglim.co.kr/resource/front/css/glim.css]
[connect.facebook.net/en_US/all.js]
[cdn.jsdelivr.net/gh/hiun/NanumSquare@master/NanumSquareB.ttf]
[theglim.co.kr/resource/front/css/jquery/images/ui-icons_444444_256x240.html]
[theglim.co.kr/resource/front/css/jquery/images/ui-icons_777777_256x240.html]
[theglim.co.kr/resource/front/css/jquery/images/ui-icons_777620_256x240.html]
[theglim.co.kr/resource/front/css/jquery/images/ui-icons_cc0000_256x240.html]
[theglim.co.kr/resource/front/css/common.css]
[theglim.co.kr/resource/front/css/dev.css]
[cdn.jsdelivr.net/gh/moonspam/NanumSquare@master/nanumsquare.css]
[theglim.co.kr/resource/front/css/typo.css]
[theglim.co.kr/resource/front/images/common/ico_pop_close_pc.png]
[theglim.co.kr/resource/front/images/ui/ui_sel_request_arr.png]
[theglim.co.kr/resource/front/images/common/ico_pop_close_mo.png]
[theglim.co.kr/resource/front/css/lpop.css]
[theglim.co.kr/resource/front/images/common/sprite.png]
[theglim.co.kr/resource/front/css/icon.css]
[theglim.co.kr/resource/front/css/animation.css]
[theglim.co.kr/resource/front/images/icon/ico_webaward.png]
[theglim.co.kr/resource/front/css/pager.css]
[theglim.co.kr/resource/front/images/icon/ico_naward.png]
[theglim.co.kr/resource/front/images/ui/sel_arrow_portfolio.png]
[theglim.co.kr/resource/front/css/lists.swiper.css]
[theglim.co.kr/resource/front/images/common/btn_map_arrow.png]
[theglim.co.kr/resource/front/css/layout.css]
[theglim.co.kr/resource/common/images/ui/ui_checkbox.html]
[theglim.co.kr/resource/common/images/ui/ui_radio.html]
[theglim.co.kr/resource/common/images/ui/ui_radio_disabled.html]
[theglim.co.kr/resource/common/images/ui/ui_checkbox_disabled.html]
[theglim.co.kr/resource/common/images/ui/ui_select_arr.html]
[theglim.co.kr/resource/common/images/ui/ui_select_arr_disabled.html]
[theglim.co.kr/resource/common/images/ui/ui_sel_familyect_arr.html]
[theglim.co.kr/resource/common/images/ui/ui_sel_product_arr.html]
[theglim.co.kr/resource/front/images/ui/btn_calendar_prev.html]
[theglim.co.kr/resource/front/images/ui/btn_calendar_next.html]
[theglim.co.kr/resource/front/css/images/ui-bg_glass_55_fbf9ee_1x400.html]
[theglim.co.kr/resource/front/css/images/ui-bg_glass_95_fef1ec_1x400.html]
[cdn.jsdelivr.net/gh/moonspam/NanumSquare@master/NanumSquareR.eot]
[cdn.jsdelivr.net/gh/moonspam/NanumSquare@master/NanumSquareRd41d.eot]
[cdn.jsdelivr.net/gh/moonspam/NanumSquare@master/NanumSquareR.woff]
[cdn.jsdelivr.net/gh/moonspam/NanumSquare@master/NanumSquareR.ttf]
[cdn.jsdelivr.net/gh/moonspam/NanumSquare@master/NanumSquareB.eot]
[cdn.jsdelivr.net/gh/moonspam/NanumSquare@master/NanumSquareBd41d.eot]
[cdn.jsdelivr.net/gh/moonspam/NanumSquare@master/NanumSquareB.woff]
[cdn.jsdelivr.net/gh/moonspam/NanumSquare@master/NanumSquareB.ttf]
[cdn.jsdelivr.net/gh/moonspam/NanumSquare@master/NanumSquareEB.eot]
[cdn.jsdelivr.net/gh/moonspam/NanumSquare@master/NanumSquareEBd41d.eot]
[cdn.jsdelivr.net/gh/moonspam/NanumSquare@master/NanumSquareEB.woff]
[cdn.jsdelivr.net/gh/moonspam/NanumSquare@master/NanumSquareEB.ttf]
[cdn.jsdelivr.net/gh/moonspam/NanumSquare@master/NanumSquareL.eot]
[cdn.jsdelivr.net/gh/moonspam/NanumSquare@master/NanumSquareLd41d.eot]
[cdn.jsdelivr.net/gh/moonspam/NanumSquare@master/NanumSquareL.woff]
[cdn.jsdelivr.net/gh/moonspam/NanumSquare@master/nanumsquare.css]
[cdn.jsdelivr.net/gh/moonspam/NanumSquare@master/NanumSquareL.ttf]
