[backblue.gif]
[fade.gif]
[index.html]
[apis.map.kakao.com/favicon.ico]
[t1.daumcdn.net/localimg/localimages/07/mapapidoc/daumMapsApi.png]
[apis.map.kakao.com/images/daumMapsApiThumb.png]
[t1.daumcdn.net/mapapisdoc/cssjs/1643022782389/css/main.min.css]
[spi.maps.daum.net/imap/map_js_init/v3.js]
[s1.daumcdn.net/svc/original/U0301/cssjs/JSON-js/fc535e9cc8/json2.min.js_; filename_=UTF-8''json2.min.js]
[apis.map.kakao.com/index.html]
[m1.daumcdn.net/tiara/js/td.min.js]
[t1.daumcdn.net/mapapisdoc/cssjs/1643022782389/js/service.min.js]
[t1.daumcdn.net/mapapisdoc/cssjs/1643022782389/css/main.min.css]
[t1.daumcdn.net/localimg/localimages/07/mapapidoc/logo.png]
[s1.daumcdn.net/svc/original/U03/cssjs/jquery/jquery-1.11.0.js]
[t1.daumcdn.net/mapapisdoc/cssjs/1643022782389/css/app.min.css]
[t1.daumcdn.net/localimg/localimages/07/mapapidoc/and_feature5_map.png]
[t1.daumcdn.net/localimg/localimages/07/mapapidoc/and_feature5_img.png]
[apis.map.kakao.com/android/index.html]
[t1.daumcdn.net/mapapisdoc/cssjs/1643022782389/css/web.min.css]
[t1.daumcdn.net/localimg/localimages/07/mapapidoc/marker_red.png]
[t1.daumcdn.net/localimg/localimages/07/mapapidoc/big_circle2.png]
[t1.daumcdn.net/localimg/localimages/07/mapapidoc/big_triangle.png]
[t1.daumcdn.net/localimg/localimages/07/mapapidoc/mini_circle.png]
[t1.daumcdn.net/localimg/localimages/07/mapapidoc/feature3_img.png]
[t1.daumcdn.net/localimg/localimages/07/mapapidoc/place_thumb.png]
[apis.map.kakao.com/web/index.html]
[apis.map.kakao.com/ios/index.html]
[t1.daumcdn.net/localimg/localimages/07/mapapidoc/ios_feature5_img.png]
[t1.daumcdn.net/mapapisdoc/cssjs/1643022782389/css/app.min.css]
[t1.daumcdn.net/mapapisdoc/cssjs/1643022782389/css/service.min.css]
[apis.map.kakao.com/download/android/sdk/Android_DaumMap_SDK_1.4.1.0.zip]
[apis.map.kakao.com/images/andres/guide/android-guide-s1.png]
[apis.map.kakao.com/images/andres/guide/android-guide-marker-s1.png]
[apis.map.kakao.com/images/andres/guide/android-guide-marker-s2.png]
[apis.map.kakao.com/images/andres/guide/android-guide-marker-s3.png]
[apis.map.kakao.com/images/andres/guide/android-guide-overlay-s1.png]
[apis.map.kakao.com/images/andres/guide/android-guide-overlay-s2.png]
[apis.map.kakao.com/images/andres/guide/arrow.png]
[apis.map.kakao.com/android/guide/index.html]
[apis.map.kakao.com/images/andres/sample/and_sample_cp6.png]
[apis.map.kakao.com/images/andres/sample/and_sample_cp1.png]
[apis.map.kakao.com/images/andres/sample/and_sample_cp2.png]
[apis.map.kakao.com/download/android/sample/Android_DaumMap_Sample_1.4.1.0.zip]
[apis.map.kakao.com/android/sample/index.html]
[apis.map.kakao.com/android/documentation/index.html]
[apis.map.kakao.com/android/news/index.html]
[t1.daumcdn.net/mapapisdoc/cssjs/1643022782389/css/web.min.css]
[apis.map.kakao.com/images/webres/guide/arrow.png]
[apis.map.kakao.com/web/guide/index.html]
[apis.map.kakao.com/images/webres/sample_thumb/basicMap.png]
[apis.map.kakao.com/images/webres/sample_thumb/moveMap.png]
[apis.map.kakao.com/images/webres/sample_thumb/changeLevel.png]
[apis.map.kakao.com/images/webres/sample_thumb/mapInfo.png]
[apis.map.kakao.com/images/webres/sample_thumb/addMapControl.png]
[apis.map.kakao.com/images/webres/sample_thumb/addMapCustomControl.png]
[apis.map.kakao.com/images/webres/sample_thumb/disableMapDragMove.png]
[apis.map.kakao.com/images/webres/sample_thumb/enableDisableZoomInOut.png]
[apis.map.kakao.com/images/webres/sample_thumb/addTrafficOverlay.png]
[apis.map.kakao.com/images/webres/sample_thumb/addRoadviewOverlay.png]
[apis.map.kakao.com/images/webres/sample_thumb/addTerrainOverlay.png]
[apis.map.kakao.com/images/webres/sample_thumb/changeOverlay1.png]
[apis.map.kakao.com/images/webres/sample_thumb/changeOverlay2.png]
[apis.map.kakao.com/images/webres/sample_thumb/setBounds.png]
[apis.map.kakao.com/images/webres/sample_thumb/mapRelayout.png]
[apis.map.kakao.com/images/webres/sample_thumb/addMapClickEvent.png]
[apis.map.kakao.com/images/webres/sample_thumb/addMapClickEventWithMarker.png]
[apis.map.kakao.com/images/webres/sample_thumb/addMapDragendEvent.png]
[apis.map.kakao.com/images/webres/sample_thumb/addMapZoomChangedEvent.png]
[apis.map.kakao.com/images/webres/sample_thumb/addMapCenterChangedEvent.png]
[apis.map.kakao.com/images/webres/sample_thumb/addMapBoundsChangedEvent.png]
[apis.map.kakao.com/images/webres/sample_thumb/addTilesloadedEvent.png]
[apis.map.kakao.com/images/webres/sample_thumb/customTileset.png]
[apis.map.kakao.com/images/webres/sample_thumb/getTile.png]
[apis.map.kakao.com/images/webres/sample_thumb/basicMarker.png]
[apis.map.kakao.com/images/webres/sample_thumb/draggableMarker.png]
[apis.map.kakao.com/images/webres/sample_thumb/basicMarkerImage.png]
[apis.map.kakao.com/images/webres/sample_thumb/basicInfoWindow.png]
[apis.map.kakao.com/images/webres/sample_thumb/markerWithInfoWindow.png]
[apis.map.kakao.com/images/webres/sample_thumb/addMarkerClickEvent.png]
[apis.map.kakao.com/images/webres/sample_thumb/addMarkerMouseEvent.png]
[apis.map.kakao.com/images/webres/sample_thumb/addDraggableMarkerDragEvent.png]
[apis.map.kakao.com/images/webres/sample_thumb/geolocationMarker.png]
[apis.map.kakao.com/images/webres/sample_thumb/multipleMarkerImage.png]
[apis.map.kakao.com/images/webres/sample_thumb/multipleMarkerControl.png]
[apis.map.kakao.com/images/webres/sample_thumb/multipleMarkerEvent.png]
[apis.map.kakao.com/images/webres/sample_thumb/multipleMarkerEvent2.png]
[apis.map.kakao.com/images/webres/sample_thumb/categoryMarker.png]
[apis.map.kakao.com/images/webres/sample_thumb/drawShape.png]
[apis.map.kakao.com/images/webres/sample_thumb/calculatePolylineDistance.png]
[apis.map.kakao.com/images/webres/sample_thumb/calculatePolygonArea.png]
[apis.map.kakao.com/images/webres/sample_thumb/addPolygonMouseEvent1.png]
[apis.map.kakao.com/images/webres/sample_thumb/addPolygonMouseEvent2.png]
[apis.map.kakao.com/images/webres/sample_thumb/calculateCircleRadius.png]
[apis.map.kakao.com/images/webres/sample_thumb/customOverlay1.png]
[apis.map.kakao.com/images/webres/sample_thumb/customOverlay2.png]
[apis.map.kakao.com/images/webres/sample_thumb/removableCustomOverlay.png]
[apis.map.kakao.com/images/webres/sample_thumb/markerWithCustomOverlay.png]
[apis.map.kakao.com/images/webres/sample_thumb/dragCustomOverlay.png]
[apis.map.kakao.com/images/webres/sample_thumb/markerTracker.png]
[apis.map.kakao.com/images/webres/sample_thumb/donut.png]
[apis.map.kakao.com/images/webres/sample_thumb/basicRoadview.png]
[apis.map.kakao.com/images/webres/sample_thumb/basicRoadview2.png]
[apis.map.kakao.com/images/webres/sample_thumb/moveRoadview.png]
[apis.map.kakao.com/images/webres/sample_thumb/roadviewOverlay1.png]
[apis.map.kakao.com/images/webres/sample_thumb/roadviewOverlay2.png]
[apis.map.kakao.com/images/webres/sample_thumb/roadviewCustomOverlay.png]
[apis.map.kakao.com/images/webres/sample_thumb/roadviewImageOverlay.png]
[apis.map.kakao.com/images/webres/sample_thumb/roadviewWithMapButton.png]
[apis.map.kakao.com/images/webres/sample_thumb/roadviewToggle.png]
[apis.map.kakao.com/images/webres/sample_thumb/staticMap.png]
[apis.map.kakao.com/images/webres/sample_thumb/staticMapWithMarker.png]
[apis.map.kakao.com/images/webres/sample_thumb/staticMapWithMarkerText.png]
[apis.map.kakao.com/images/webres/sample_thumb/keywordBasic.png]
[apis.map.kakao.com/images/webres/sample_thumb/keywordList.png]
[apis.map.kakao.com/images/webres/sample_thumb/categoryBasic.png]
[apis.map.kakao.com/images/webres/sample_thumb/categoryFromBounds.png]
[apis.map.kakao.com/images/webres/sample_thumb/addr2coord.png]
[apis.map.kakao.com/images/webres/sample_thumb/coord2addr.png]
[apis.map.kakao.com/images/webres/sample_thumb/transCoord.png]
[apis.map.kakao.com/images/webres/sample_thumb/basicClusterer.png]
[apis.map.kakao.com/images/webres/sample_thumb/addClustererClickEvent.png]
[apis.map.kakao.com/images/webres/sample_thumb/chickenClusterer.png]
[apis.map.kakao.com/images/webres/sample_thumb/basicDrawingLibrary.png]
[apis.map.kakao.com/images/webres/sample_thumb/drawingGetData.png]
[apis.map.kakao.com/images/webres/sample_thumb/drawingToolbox.png]
[apis.map.kakao.com/images/webres/sample_thumb/drawingUndo.png]
[apis.map.kakao.com/web/sample/index.html]
[apis.map.kakao.com/images/webres/doc/bottomright_reversed.png]
[apis.map.kakao.com/images/webres/doc/mapTypeControl.png]
[apis.map.kakao.com/images/webres/doc/zoomControl.png]
[apis.map.kakao.com/images/webres/doc/ROADMAP.png]
[apis.map.kakao.com/images/webres/doc/SKYVIEW.png]
[apis.map.kakao.com/images/webres/doc/HYBRID.png]
[apis.map.kakao.com/images/webres/doc/ROADVIEW.png]
[apis.map.kakao.com/images/webres/doc/OVERLAY.png]
[apis.map.kakao.com/images/webres/doc/TRAFFIC.png]
[apis.map.kakao.com/images/webres/doc/TERRAIN.png]
[apis.map.kakao.com/images/webres/doc/BICYCLE.png]
[apis.map.kakao.com/images/webres/doc/BICYCLE_HYBRID.png]
[apis.map.kakao.com/images/webres/doc/USE_DISTRICT.png]
[apis.map.kakao.com/images/webres/doc/latlngBounds.png]
[apis.map.kakao.com/images/webres/doc/latlngBoundsExtend.png]
[apis.map.kakao.com/images/webres/doc/marker.png]
[apis.map.kakao.com/images/webres/doc/imagemap.png]
[apis.map.kakao.com/images/webres/doc/overlap.png]
[apis.map.kakao.com/images/webres/doc/toolbox.png]
[apis.map.kakao.com/images/webres/doc/stroke1.png]
[apis.map.kakao.com/images/webres/doc/stroke2.png]
[apis.map.kakao.com/web/documentation/index.html]
[t1.daumcdn.net/mapapisdoc/cssjs/1643022782389/css/wizard.min.css]
[dapi.kakao.com/v2/maps/sdk23bf.json]
[t1.daumcdn.net/localimg/localimages/07/2012/img/marker_p.png]
[t1.daumcdn.net/mapapisdoc/cssjs/1643022782389/js/wizard.min.js]
[apis.map.kakao.com/web/wizard/index.html]
[apis.map.kakao.com/images/webres/news/livecoding.png]
[apis.map.kakao.com/images/webres/news/wizard.png]
[apis.map.kakao.com/web/news/index.html]
[t1.daumcdn.net/localimg/localimages/07/mapapidoc/arrow_white.png]
[t1.daumcdn.net/localimg/localimages/07/mapapidoc/vertex_white.png]
[apis.map.kakao.com/web/sample/markerWithCustomOverlay/index.html]
[t1.daumcdn.net/localimg/localimages/07/mapapidoc/vertex_white_small.png]
[apis.map.kakao.com/web/sample/calculatePolylineDistance/index.html]
[t1.daumcdn.net/localimg/localimages/07/mapapidoc/box_movie.png]
[t1.daumcdn.net/localimg/localimages/07/mapapidoc/thumb.png]
[t1.daumcdn.net/localimg/localimages/07/mapapidoc/triangle.png]
[t1.daumcdn.net/localimg/localimages/07/mapapidoc/updown.png]
[apis.map.kakao.com/web/sample/customOverlay2/index.html]
[t1.daumcdn.net/localimg/localimages/07/mapapidoc/place_icon.png]
[apis.map.kakao.com/web/sample/roadviewCustomOverlay/index.html]
[apis.map.kakao.com/download/ios/sdk/IOS_DaumMap_SDK_1.4.0.zip]
[apis.map.kakao.com/images/iosres/guide/folder.png]
[apis.map.kakao.com/images/iosres/guide/AddDaumFramwork1.png]
[apis.map.kakao.com/images/iosres/guide/AddDaumFramwork2.png]
[apis.map.kakao.com/images/iosres/guide/AddFramework1.png]
[apis.map.kakao.com/images/iosres/guide/AddFramework2.png]
[apis.map.kakao.com/images/iosres/guide/ARC_NO.png]
[apis.map.kakao.com/images/iosres/guide/sample_hybrid.png]
[apis.map.kakao.com/images/iosres/guide/sample_marker.png]
[apis.map.kakao.com/images/iosres/guide/sample_polyline.png]
[apis.map.kakao.com/images/iosres/guide/sample_circle.png]
[apis.map.kakao.com/images/iosres/guide/sample_locationMarker.png]
[apis.map.kakao.com/images/iosres/guide/sample_reversegeocoder.png]
[apis.map.kakao.com/images/iosres/guide/sample_camera.png]
[apis.map.kakao.com/ios/guide/index.html]
[apis.map.kakao.com/images/iosres/guide/arrow.png]
[apis.map.kakao.com/images/iosres/sample/ios_sample_cp11.png]
[apis.map.kakao.com/images/iosres/sample/ios_sample_cp1.png]
[apis.map.kakao.com/images/iosres/sample/ios_sample_cp2.png]
[apis.map.kakao.com/ios/sample/index.html]
[apis.map.kakao.com/download/ios/sample/IOS_DaumMap_Sample_1.4.0.zip]
[apis.map.kakao.com/ios/documentation/index.html]
[apis.map.kakao.com/ios/news/index.html]
[t1.daumcdn.net/mapapisdoc/cssjs/1643022782389/css/service.min.css]
[apis.map.kakao.com/web/sample/basicMap/index.html]
[apis.map.kakao.com/web/sample/moveMap/index.html]
[apis.map.kakao.com/web/sample/changeLevel/index.html]
[apis.map.kakao.com/web/sample/mapInfo/index.html]
[apis.map.kakao.com/web/sample/addMapControl/index.html]
[t1.daumcdn.net/localimg/localimages/07/mapapidoc/ico_plus.png]
[t1.daumcdn.net/localimg/localimages/07/mapapidoc/ico_minus.png]
[apis.map.kakao.com/web/sample/addMapCustomControl/index.html]
[apis.map.kakao.com/web/sample/disableMapDragMove/index.html]
[apis.map.kakao.com/web/sample/enableDisableZoomInOut/index.html]
[apis.map.kakao.com/web/sample/addTrafficOverlay/index.html]
[apis.map.kakao.com/web/sample/addRoadviewOverlay/index.html]
[apis.map.kakao.com/web/sample/addTerrainOverlay/index.html]
[apis.map.kakao.com/web/sample/changeOverlay1/index.html]
[apis.map.kakao.com/web/sample/changeOverlay2/index.html]
[apis.map.kakao.com/web/sample/setBounds/index.html]
[apis.map.kakao.com/web/sample/mapRelayout/index.html]
[apis.map.kakao.com/web/sample/addMapClickEvent/index.html]
[apis.map.kakao.com/web/sample/addMapClickEventWithMarker/index.html]
[apis.map.kakao.com/web/sample/addMapDragendEvent/index.html]
[apis.map.kakao.com/web/sample/addMapZoomChangedEvent/index.html]
[apis.map.kakao.com/web/sample/addMapCenterChangedEvent/index.html]
[apis.map.kakao.com/web/sample/addMapBoundsChangedEvent/index.html]
[apis.map.kakao.com/web/sample/addTilesloadedEvent/index.html]
[apis.map.kakao.com/web/sample/customTileset/index.html]
[apis.map.kakao.com/web/sample/getTile/index.html]
[apis.map.kakao.com/web/sample/basicMarker/index.html]
[apis.map.kakao.com/web/sample/draggableMarker/index.html]
[apis.map.kakao.com/web/sample/basicMarkerImage/index.html]
[apis.map.kakao.com/web/sample/basicInfoWindow/index.html]
[apis.map.kakao.com/web/sample/markerWithInfoWindow/index.html]
[apis.map.kakao.com/web/sample/addMarkerClickEvent/index.html]
[apis.map.kakao.com/web/sample/addMarkerMouseEvent/index.html]
[t1.daumcdn.net/localimg/localimages/07/mapapidoc/red_b.png]
[t1.daumcdn.net/localimg/localimages/07/mapapidoc/red_drag.png]
[t1.daumcdn.net/localimg/localimages/07/mapapidoc/blue_b.png]
[t1.daumcdn.net/localimg/localimages/07/mapapidoc/blue_drag.png]
[apis.map.kakao.com/web/sample/addDraggableMarkerDragEvent/index.html]
[apis.map.kakao.com/web/sample/geolocationMarker/index.html]
[t1.daumcdn.net/localimg/localimages/07/mapapidoc/markerStar.png]
[apis.map.kakao.com/web/sample/multipleMarkerImage/index.html]
[apis.map.kakao.com/web/sample/multipleMarkerControl/index.html]
[apis.map.kakao.com/web/sample/multipleMarkerEvent/index.html]
[t1.daumcdn.net/localimg/localimages/07/mapapidoc/markers_sprites2.png]
[apis.map.kakao.com/web/sample/multipleMarkerEvent2/index.html]
[t1.daumcdn.net/localimg/localimages/07/mapapidoc/category.png]
[apis.map.kakao.com/web/sample/categoryMarker/index.html]
[apis.map.kakao.com/web/sample/drawShape/index.html]
[apis.map.kakao.com/web/sample/calculatePolygonArea/index.html]
[apis.map.kakao.com/web/sample/addPolygonMouseEvent1/index.html]
[apis.map.kakao.com/web/sample/addPolygonMouseEvent2/index.html]
[apis.map.kakao.com/web/sample/calculateCircleRadius/index.html]
[t1.daumcdn.net/localimg/localimages/07/2011/map/storeview/tip_l.png]
[t1.daumcdn.net/localimg/localimages/07/2011/map/storeview/tip_bg.png]
[t1.daumcdn.net/localimg/localimages/07/2011/map/storeview/tip_r.png]
[apis.map.kakao.com/web/sample/customOverlay1/index.html]
[t1.daumcdn.net/localimg/localimages/07/mapapidoc/overlay_close.png]
[apis.map.kakao.com/web/sample/removableCustomOverlay/index.html]
[apis.map.kakao.com/web/sample/dragCustomOverlay/index.html]
[t1.daumcdn.net/localimg/localimages/07/mapapidoc/sign-info-64.png]
[t1.daumcdn.net/localimg/localimages/07/mapapidoc/sign-info-48.png]
[t1.daumcdn.net/localimg/localimages/07/mapapidoc/balloon.png]
[apis.map.kakao.com/web/sample/markerTracker/index.html]
[apis.map.kakao.com/web/sample/donut/index.html]
[apis.map.kakao.com/web/sample/basicRoadview/index.html]
[t1.daumcdn.net/localimg/localimages/07/2018/pc/roadview_minimap_wk_2018.png]
[apis.map.kakao.com/web/sample/basicRoadview2/index.html]
[apis.map.kakao.com/web/sample/moveRoadview/index.html]
[t1.daumcdn.net/localimg/localimages/07/mapapidoc/sample_button_control.png]
[apis.map.kakao.com/web/sample/roadviewOverlay1/index.html]
[apis.map.kakao.com/web/sample/roadviewOverlay2/index.html]
[t1.daumcdn.net/localimg/localimages/07/mapapidoc/roadviewoverlay_img_02.png]
[apis.map.kakao.com/web/sample/roadviewImageOverlay/index.html]
[t1.daumcdn.net/localimg/localimages/07/2018/pc/common/img_search.png]
[t1.daumcdn.net/localimg/localimages/07/mapapidoc/rv_close.png]
[apis.map.kakao.com/web/sample/roadviewWithMapButton/index.html]
[apis.map.kakao.com/web/sample/roadviewToggle/index.html]
[apis.map.kakao.com/web/sample/staticMap/index.html]
[apis.map.kakao.com/web/sample/staticMapWithMarker/index.html]
[apis.map.kakao.com/web/sample/staticMapWithMarkerText/index.html]
[apis.map.kakao.com/web/sample/keywordBasic/index.html]
[t1.daumcdn.net/localimg/localimages/07/mapapidoc/places_jibun.png]
[t1.daumcdn.net/localimg/localimages/07/mapapidoc/marker_number_blue.png]
[apis.map.kakao.com/web/sample/keywordList/index.html]
[apis.map.kakao.com/web/sample/categoryBasic/index.html]
[t1.daumcdn.net/localimg/localimages/07/mapapidoc/places_category.png]
[apis.map.kakao.com/web/sample/categoryFromBounds/index.html]
[apis.map.kakao.com/web/sample/addr2coord/index.html]
[apis.map.kakao.com/web/sample/coord2addr/index.html]
[apis.map.kakao.com/web/sample/transCoord/index.html]
[apis.map.kakao.com/download/web/data/chicken.json]
[apis.map.kakao.com/web/sample/basicClusterer/index.html]
[apis.map.kakao.com/web/sample/addClustererClickEvent/index.html]
[apis.map.kakao.com/web/sample/chickenClusterer/index.html]
[apis.map.kakao.com/web/sample/basicDrawingLibrary/index.html]
[apis.map.kakao.com/web/sample/drawingGetData/index.html]
[apis.map.kakao.com/web/sample/drawingToolbox/index.html]
[apis.map.kakao.com/web/sample/drawingUndo/index.html]
[t1.daumcdn.net/mapapisdoc/cssjs/1643022782389/css/wizard.min.css]
[apis.map.kakao.com/dmaps/apis/openapi/sampleimg/index.html]
