[backblue.gif]
[fade.gif]
[index.html]
[www.jungonenutri.com/user/lib/jquery-1.10.2.js]
[www.jungonenutri.com/user/lib/jQuery.print.js]
[www.jungonenutri.com/user/lib/jquery.imgpreload.min.js]
[www.jungonenutri.com/user/js/jquery.nutrient.js]
[www.jungonenutri.com/user/js/common.js]
[www.jungonenutri.com/user/images/common/logo.png]
[www.jungonenutri.com/user/images/main/tit_main.gif]
[www.jungonenutri.com/user/images/main/btn_menu0.png]
[www.jungonenutri.com/user/images/main/btn_menu1.png]
[www.jungonenutri.com/user/images/main/btn_menu2.png]
[www.jungonenutri.com/user/images/main/btn_menu4.png]
[www.jungonenutri.com/user/images/main/btn_prev.gif]
[www.jungonenutri.com/user/images/main/btn_next.gif]
[www.jungonenutri.com/upload/product/product_201611071131349841.jpg]
[www.jungonenutri.com/upload/product/product_201611040245460021.jpg]
[www.jungonenutri.com/upload/product/product_201611041006409221.jpg]
[www.jungonenutri.com/upload/product/product_201611040931043831.jpg]
[www.jungonenutri.com/upload/product/product_201608041121295961.jpg]
[www.jungonenutri.com/upload/product/product_201608020540026541.jpg]
[www.jungonenutri.com/user/images/main/btn_pois.gif]
[www.jungonenutri.com/user/images/main/btn_bnar.jpg]
[www.jungonenutri.com/user/images/main/tit_notice.gif]
[www.jungonenutri.com/user/images/common/tit_footer.gif]
[www.google-analytics.com/analytics.js]
[www.jungonenutri.com/user/images/btn/btn_close.gif]
[www.jungonenutri.com/user/images/btn/btn_today.gif]
[www.jungonenutri.com/user/images/btn/btn_tomor.gif]
[www.jungonenutri.com/user/images/btn/btn_sand.gif]
[www.jungonenutri.com/user/images/btn/btn_branch.gif]
[www.jungonenutri.com/user/images/img/img_jisu.gif]
[www.jungonenutri.com/user/index.html]
[www.jungonenutri.com/user/fonts/NanumBarunGothicBold.eot]
[www.jungonenutri.com/user/fonts/NanumBarunGothicBold.woff]
[www.jungonenutri.com/user/fonts/NanumBarunGothicBoldd41d.eot]
[www.jungonenutri.com/user/fonts/NanumGothic.eot]
[www.jungonenutri.com/user/fonts/NanumGothic.woff]
[www.jungonenutri.com/user/css/basic.css]
[www.jungonenutri.com/user/fonts/NanumGothicd41d.eot]
[www.jungonenutri.com/user/images/common/bg_con_cen.gif]
[www.jungonenutri.com/user/images/common/bg_head.gif]
[www.jungonenutri.com/user/images/common/bg_footer.png]
[www.jungonenutri.com/user/images/common/btn_lnb0.gif]
[www.jungonenutri.com/user/images/common/btn_lnb1.gif]
[www.jungonenutri.com/user/images/common/btn_lnb2.gif]
[www.jungonenutri.com/user/images/bg/bg_aside.gif]
[www.jungonenutri.com/user/images/main/bg_con.gif]
[www.jungonenutri.com/user/images/main/bg_top.gif]
[www.jungonenutri.com/user/images/main/bg_btm.png]
[www.jungonenutri.com/user/images/bg/bg_kcal_im.gif]
[www.jungonenutri.com/user/images/bg/bg_kcal_im_l.gif]
[www.jungonenutri.com/user/images/btn/btn_untr.gif]
[www.jungonenutri.com/user/images/btn/btn_recipe.gif]
[www.jungonenutri.com/user/images/btn/btn_recom.gif]
[www.jungonenutri.com/user/images/bg/bg_tit_con.gif]
[www.jungonenutri.com/user/images/img/img_sub_top.png]
[www.jungonenutri.com/user/images/common/bg_con_top.gif]
[www.jungonenutri.com/user/images/bg/bg_pop_t.gif]
[www.jungonenutri.com/user/images/common/bg_pop.png]
[www.jungonenutri.com/user/images/ico/ico_step.gif]
[www.jungonenutri.com/user/images/bg/bg_sch.gif]
[www.jungonenutri.com/user/images/line/line_sch.gif]
[www.jungonenutri.com/user/images/bg/bg_brand.gif]
[www.jungonenutri.com/user/images/bg/bg_brand_t.gif]
[www.jungonenutri.com/user/images/txt/txt_kcal_untr.gif]
[www.jungonenutri.com/user/images/bg/bg_kcal.gif]
[www.jungonenutri.com/user/images/btn/btn_buy.gif]
[www.jungonenutri.com/user/images/btn/btn_site.gif]
[www.jungonenutri.com/user/images/bg/bg_list_box.gif]
[www.jungonenutri.com/user/images/ico/ico_top.gif]
[www.jungonenutri.com/user/images/bg/bg_btn.gif]
[www.jungonenutri.com/user/images/bg/bg_sch_recom.gif]
[www.jungonenutri.com/user/images/line/line_sch_recom.gif]
[www.jungonenutri.com/user/images/bg/bg_age.gif]
[www.jungonenutri.com/user/images/bg/bg_food_inp.gif]
[www.jungonenutri.com/user/images/bg/bg_food_inp_on.gif]
[www.jungonenutri.com/user/images/bg/bg_age_inp.gif]
[www.jungonenutri.com/user/images/bg/bg_age_inp_on.gif]
[www.jungonenutri.com/user/images/bg/bg_sea_inp.gif]
[www.jungonenutri.com/user/images/bg/bg_sea_inp_on.gif]
[www.jungonenutri.com/user/images/bg/bg_gage.gif]
[www.jungonenutri.com/user/images/bg/bg_gage_in.gif]
[www.jungonenutri.com/user/images/bg/bg_calorie_l.gif]
[www.jungonenutri.com/user/images/bg/bg_calorie_c.gif]
[www.jungonenutri.com/user/images/bg/bg_checkbox.gif]
[www.jungonenutri.com/user/images/bg/bg_alt.gif]
[www.jungonenutri.com/user/images/txt/txt_askinp.gif]
[www.jungonenutri.com/user/images/ico/ico_exercise0.gif]
[www.jungonenutri.com/user/images/ico/ico_exercise1.gif]
[www.jungonenutri.com/user/images/ico/ico_exercise2.gif]
[www.jungonenutri.com/user/images/ico/ico_sublnb.gif]
[www.jungonenutri.com/user/css/style.css]
[www.jungonenutri.com/user/images/line/line_th.gif]
[www.jungonenutri.com/user/images/txt/tit_sub0.gif]
[www.jungonenutri.com/user/images/common/btn_lnb3.gif]
[www.jungonenutri.com/user/images/txt/txt_prod_name.gif]
[www.jungonenutri.com/user/images/btn/btn_sch_nutr.gif]
[www.jungonenutri.com/user/images/txt/txt_intake.gif]
[www.jungonenutri.com/user/images/btn/btn_intake0.gif]
[www.jungonenutri.com/user/images/btn/btn_intake1.gif]
[www.jungonenutri.com/user/images/btn/btn_intake2.gif]
[www.jungonenutri.com/user/images/btn/btn_sch_brand.gif]
[www.jungonenutri.com/user/images/btn/btn_brand0.gif]
[www.jungonenutri.com/user/images/btn/btn_brand1.gif]
[www.jungonenutri.com/user/images/btn/btn_brand2.gif]
[www.jungonenutri.com/user/images/btn/btn_brand3.gif]
[www.jungonenutri.com/user/images/btn/btn_brand4.gif]
[www.jungonenutri.com/user/images/btn/btn_brand5.gif]
[www.jungonenutri.com/user/images/btn/btn_brand6.gif]
[www.jungonenutri.com/user/images/btn/btn_brand7.gif]
[www.jungonenutri.com/user/images/btn/btn_image.gif]
[www.jungonenutri.com/user/images/btn/btn_list.gif]
[www.jungonenutri.com/upload/product/product_201608020530346991.jpg]
[www.jungonenutri.com/upload/product/product_201608020515295431.jpg]
[www.jungonenutri.com/upload/product/product_201608010529522271.png]
[www.jungonenutri.com/upload/product/product_201606290444286191.jpg]
[www.jungonenutri.com/user/images/btn/btn_next.gif]
[www.jungonenutri.com/user/images/btn/btn_next_l.gif]
[www.jungonenutri.com/user/images/btn/btn_jisu.gif]
[www.jungonenutri.com/user/images/txt/tit_aside.gif]
[www.jungonenutri.com/user/images/btn/btn_side0.gif]
[www.jungonenutri.com/user/images/btn/btn_side1.gif]
[www.jungonenutri.com/user/images/btn/btn_side2.gif]
[www.jungonenutri.com/user/images/btn/btn_side3.gif]
[www.jungonenutri.com/user/images/btn/btn_side4.gif]
[www.jungonenutri.com/user/images/btn/btn_side5.gif]
[www.jungonenutri.com/user/images/btn/banner01_daesang.gif]
[www.jungonenutri.com/user/images/btn/banner02_chungjungone.gif]
[www.jungonenutri.com/user/images/btn/banner03_jungoneeshop.gif]
[www.jungonenutri.com/user/product/productSearch.html]
[www.jungonenutri.com/user/images/btn/btn_sch_recom.gif]
[www.jungonenutri.com/user/images/txt/txt_season.gif]
[www.jungonenutri.com/user/images/txt/txt_man.gif]
[www.jungonenutri.com/user/images/txt/txt_girl.gif]
[www.jungonenutri.com/user/images/btn/btn_view.gif]
[www.jungonenutri.com/user/images/btn/btn_edit.gif]
[www.jungonenutri.com/user/images/btn/btn_print.gif]
[www.jungonenutri.com/user/images/btn/btn_down.gif]
[www.jungonenutri.com/user/images/btn/btn_facebook.gif]
[www.jungonenutri.com/user/images/ico/ico_cart.gif]
[www.jungonenutri.com/user/diet/dietSearch.html]
[www.jungonenutri.com/user/images/txt/tit_mypage.gif]
[www.jungonenutri.com/user/images/img/img_pic_logo.gif]
[www.jungonenutri.com/user/images/btn/btn_ask.gif]
[www.jungonenutri.com/user/images/btn/btn_del.gif]
[www.jungonenutri.com/user/images/btn/btn_add.gif]
[www.jungonenutri.com/user/images/btn/btn_add_tr.gif]
[www.jungonenutri.com/user/images/btn/btn_exclude_tr.gif]
[www.jungonenutri.com/user/images/btn/btn_save.gif]
[www.jungonenutri.com/user/images/btn/btn_save_pop.gif]
[www.jungonenutri.com/user/images/btn/btn_ok.gif]
[www.jungonenutri.com/user/images/btn/btn_cancel.gif]
[www.jungonenutri.com/user/images/txt/tit_ask.gif]
[www.jungonenutri.com/user/mydiet/myDiet.html]
[www.jungonenutri.com/user/images/txt/tit_notice.gif]
[www.jungonenutri.com/user/notice/notice.html]
[www.jungonenutri.com/user/jisuPop.html]
[www.jungonenutri.com/upload/notice/notice_20160525102831880.png]
[www.jungonenutri.com/user/notice/noticeViewa52d.html]
[www.jungonenutri.com/user/images/btn/btn_noti_list.gif]
[www.jungonenutri.com/upload/notice/notice_20160303111120128.jpg]
[www.jungonenutri.com/user/notice/noticeViewc4df.html]
[www.jungonenutri.com/user/notice/noticeView5c7c.html]
[www.jungonenutri.com/upload/notice/notice_20151223094021441.jpg]
[www.jungonenutri.com/user/notice/noticeView6502.html]
[www.jungonenutri.com/upload/notice/notice_20151208052855969.jpg]
[www.jungonenutri.com/user/notice/noticeViewa978.html]
[www.jungonenutri.com/upload/notice/notice_20151119040227635.jpg]
[www.jungonenutri.com/user/notice/noticeView87f8.html]
[www.jungonenutri.com/user/chart.html]
[www.jungonenutri.com/user/recipePop.html]
[www.jungonenutri.com/user/recomList.html]
[www.jungonenutri.com/user/dataPop.html]
[www.jungonenutri.com/user/fonts/NanumBarunGothicBold.eot]
[www.jungonenutri.com/user/fonts/NanumBarunGothicBoldd41d.eot]
[www.jungonenutri.com/user/fonts/NanumBarunGothicBold.woff]
[www.jungonenutri.com/user/fonts/NanumGothic.eot]
[www.jungonenutri.com/user/product/chart.html]
[www.jungonenutri.com/user/product/recipePop.html]
[www.jungonenutri.com/user/product/recomList.html]
[www.jungonenutri.com/user/product/dataPop.html]
[www.jungonenutri.com/user/fonts/NanumGothicd41d.eot]
[www.jungonenutri.com/user/fonts/NanumGothic.woff]
[www.jungonenutri.com/upload/product/product_20150507043659440.jpg]
[www.jungonenutri.com/upload/product/product_20150507040454018.jpg]
[www.jungonenutri.com/upload/product/product_20150507043615105.jpg]
[www.jungonenutri.com/upload/product/product_20150507040104852.jpg]
[www.jungonenutri.com/upload/product/product_20150507040334856.jpg]
[www.jungonenutri.com/upload/product/product_20150507040511173.jpg]
[www.jungonenutri.com/upload/product/product_20150507040524358.jpg]
[www.jungonenutri.com/upload/product/product_20150507040359247.jpg]
[www.jungonenutri.com/upload/product/product_20150507043149437.jpg]
[www.jungonenutri.com/upload/product/product_20150507043217366.jpg]
[www.jungonenutri.com/user/product/productSearch5424.html]
[www.jungonenutri.com/user/product/productSearch37d0.html]
[www.jungonenutri.com/upload/product/product_20150507011650135.jpg]
[www.jungonenutri.com/user/product/productSearchaf35.html]
[www.jungonenutri.com/user/product/productSearch5eea.html]
[www.jungonenutri.com/upload/product/product_201606290434486781.png]
[www.jungonenutri.com/user/product/productSearch787a.html]
[www.jungonenutri.com/upload/product/product_201611020203497221.jpg]
[www.jungonenutri.com/upload/product/product_201611021142496121.jpg]
[www.jungonenutri.com/upload/product/product_201607050308509181.jpg]
[www.jungonenutri.com/upload/product/product_201607051132459351.jpg]
[www.jungonenutri.com/upload/product/product_201611020427194931.jpg]
[www.jungonenutri.com/upload/product/product_201607051051038601.jpg]
[www.jungonenutri.com/upload/product/product_201611020409171591.jpg]
[www.jungonenutri.com/upload/product/product_201607050321530341.jpg]
[www.jungonenutri.com/user/product/productSearch3b6f.html]
[www.jungonenutri.com/upload/product/product_201611021106201351.jpg]
[www.jungonenutri.com/upload/product/product_201603301030554331.jpg]
[www.jungonenutri.com/user/product/productSearchbdba.html]
[www.jungonenutri.com/upload/product/product_201605311031430661.jpg]
[www.jungonenutri.com/upload/product/product_201605310916431931.jpg]
[www.jungonenutri.com/upload/product/product_201603301001507221.jpg]
[www.jungonenutri.com/upload/product/product_201603020531187081.jpg]
[www.jungonenutri.com/upload/product/product_201512101025054101.jpg]
[www.jungonenutri.com/upload/product/product_201511240242330301.jpg]
[www.jungonenutri.com/upload/product/product_201511241011163031.jpg]
[www.jungonenutri.com/upload/product/product_201511161128592081.jpg]
[www.jungonenutri.com/upload/product/product_201511161116130891.jpg]
[www.jungonenutri.com/upload/product/product_201511161119589121.jpg]
[www.jungonenutri.com/user/product/productSearcha3a6.html]
[www.jungonenutri.com/user/product/jisuPop.html]
[www.jungonenutri.com/user/product/productSearcha565.html]
[www.jungonenutri.com/upload/product/product_201606290405398271.jpg]
[www.jungonenutri.com/upload/product/product_201605190148458141.jpg]
[www.jungonenutri.com/upload/product/product_201605191106303501.jpg]
[www.jungonenutri.com/upload/product/product_201605191018063931.jpg]
[www.jungonenutri.com/upload/product/product_201604270415514631.jpg]
[www.jungonenutri.com/user/product/productSearchb00f.html]
[www.jungonenutri.com/upload/product/product_201510270448017061.jpg]
[www.jungonenutri.com/upload/product/product_201510270347438351.jpg]
[www.jungonenutri.com/upload/product/product_201510270347098531.jpg]
[www.jungonenutri.com/upload/product/product_201510270344481361.jpg]
[www.jungonenutri.com/upload/product/product_201510270345471371.jpg]
[www.jungonenutri.com/upload/product/product_20150417023238616.jpg]
[www.jungonenutri.com/upload/product/product_20150417023057514.jpg]
[www.jungonenutri.com/upload/product/product_20150302024554784.jpg]
[www.jungonenutri.com/upload/product/product_20150302024315955.jpg]
[www.jungonenutri.com/upload/product/product_20150302024255241.jpg]
[www.jungonenutri.com/user/product/productSearch8bcb.html]
[www.jungonenutri.com/upload/product/product_201606231048096921.jpg]
[www.jungonenutri.com/upload/product/product_201606231031593261.jpg]
[www.jungonenutri.com/upload/product/product_201606220541157591.jpg]
[www.jungonenutri.com/upload/product/product_201608250435386901.png]
[www.jungonenutri.com/upload/product/product_201608250434187491.png]
[www.jungonenutri.com/upload/product/product_201608250433523261.png]
[www.jungonenutri.com/user/product/productSearch93bb.html]
[www.jungonenutri.com/upload/product/product_201601261028354971.jpg]
[www.jungonenutri.com/upload/product/product_201511171109545511.jpg]
[www.jungonenutri.com/upload/product/PRODUCT_350.jpg]
[www.jungonenutri.com/upload/product/product_20150302024702168.jpg]
[www.jungonenutri.com/upload/product/PRODUCT_345.jpg]
[www.jungonenutri.com/upload/product/PRODUCT_344.jpg]
[www.jungonenutri.com/upload/product/product_20150302023811683.jpg]
[www.jungonenutri.com/upload/product/product_20150302023754861.jpg]
[www.jungonenutri.com/user/product/productSearch1be9.html]
[www.jungonenutri.com/user/product/productSearch49d2.html]
[www.jungonenutri.com/user/diet/recomPop.html]
[www.jungonenutri.com/admin/images/btn/btn_exclude.gif]
[www.jungonenutri.com/user/mydiet/myDietb65c.html]
[www.jungonenutri.com/user/mydiet/myDiet70ba.html]
[www.jungonenutri.com/user/mydiet/myDietbcf2.html]
[www.jungonenutri.com/user/mydiet/myDiete2b0.html]
[www.jungonenutri.com/user/mydiet/myDiet7344.html]
[www.jungonenutri.com/user/mydiet/myDietce86.html]
[www.jungonenutri.com/user/mydiet/myDiet540c.html]
[www.jungonenutri.com/user/mydiet/myDiet6d64.html]
[www.jungonenutri.com/user/mydiet/myDietdf8d.html]
[www.jungonenutri.com/user/mydiet/myDiet188b.html]
[www.jungonenutri.com/user/diet/jisuPop.html]
[www.jungonenutri.com/user/mydiet/mypagePop.html]
[www.jungonenutri.com/user/mydiet/resultPop.html]
[www.jungonenutri.com/user/mydiet/savePop.html]
[www.jungonenutri.com/user/mydiet/askInpPop.html]
[www.jungonenutri.com/user/mydiet/jisuPop.html]
[www.jungonenutri.com/user/images/ico/ico_public_off.gif]
[www.jungonenutri.com/user/images/ico/ico_public_on.gif]
[www.jungonenutri.com/user/notice/diet.html]
[www.jungonenutri.com/user/notice/event.html]
[www.jungonenutri.com/upload/notice/notice_20151118014245295.jpg]
[www.jungonenutri.com/user/notice/noticeViewe9da.html]
[www.jungonenutri.com/user/notice/noticeViewe6b4.html]
[www.jungonenutri.com/upload/notice/notice_20150923102243178.png]
[www.jungonenutri.com/user/notice/noticeView87d5.html]
[www.jungonenutri.com/upload/notice/notice_20150831012407872.jpg]
[www.jungonenutri.com/user/notice/noticeView8333.html]
[www.jungonenutri.com/user/notice/jisuPop.html]
[www.jungonenutri.com/upload/notice/notice_20160525102831880.png]
[www.jungonenutri.com/upload/notice/notice_20151223094021441.jpg]
[www.jungonenutri.com/user/fonts/NanumBarunGothicBold.eot]
[www.jungonenutri.com/user/fonts/NanumBarunGothicBoldd41d.eot]
[www.jungonenutri.com/user/fonts/NanumGothic.eot]
[www.jungonenutri.com/upload/product/product_20150507040104852.jpg]
[www.jungonenutri.com/upload/product/product_20150507040334856.jpg]
[www.jungonenutri.com/upload/product/product_20150507011650135.jpg]
[www.jungonenutri.com/upload/product/product_20150507040524358.jpg]
[www.jungonenutri.com/upload/product/product_20150302024255241.jpg]
[www.jungonenutri.com/upload/product/product_20150302024315955.jpg]
[www.jungonenutri.com/user/mydiet/myDietfb8f.html]
[www.jungonenutri.com/user/mydiet/myDiet6084.html]
[www.jungonenutri.com/user/notice/eventView19fd.html]
[www.jungonenutri.com/upload/notice/notice_20150923102243178.png]
[www.jungonenutri.com/upload/notice/notice_20160525102831880.png]
[www.jungonenutri.com/upload/product/product_20150507040104852.jpg]
[www.jungonenutri.com/upload/product/product_20150507040334856.jpg]
[www.jungonenutri.com/upload/product/product_20150507040524358.jpg]
[www.jungonenutri.com/upload/product/product_20150507011650135.jpg]
[www.jungonenutri.com/upload/product/product_20150302024315955.jpg]
[www.jungonenutri.com/upload/product/product_20150302024255241.jpg]
